// Jest Snapshot v1, https://goo.gl/fbAQLP

exports[`Button Component Render the button 1`] = `
<button
  className="sv-button default"
>
  The Button
</button>
`;
