// Jest Snapshot v1, https://goo.gl/fbAQLP

exports[`Row Component Render Row Component 1`] = `
<div
  className="sv-row"
/>
`;
