// Jest Snapshot v1, https://goo.gl/fbAQLP

exports[`Loader Component Render Loader Component 1`] = `
<span
  className="sv-spin-loader"
/>
`;
