// Jest Snapshot v1, https://goo.gl/fbAQLP

exports[`Col Component Render Col Component 1`] = `
<div
  className="sv-column"
/>
`;
